// Jest Snapshot v1, https://goo.gl/fbAQLP

exports[`Migrate animation graph 3.8.0 1`] = `
[
  {
    "__type__": "cc.animation.AnimationGraph",
    "_layers": [
      {
        "__id__": 1,
      },
    ],
    "_name": "",
    "_native": "",
    "_objFlags": 0,
    "_variables": {
      "v_b": {
        "__id__": 22,
      },
      "v_f": {
        "__id__": 20,
      },
      "v_i": {
        "__id__": 21,
      },
    },
  },
  {
    "__type__": "cc.animation.Layer",
    "_stateMachine": {
      "__id__": 2,
    },
    "mask": null,
    "name": "",
    "weight": 1,
  },
  {
    "__editorExtras__": {
      "clone": null,
      "id": "16823108853190.22237115162801335",
      "name": "",
      "viewport": {
        "left": -122,
        "scale": 1,
        "top": 10,
      },
    },
    "__type__": "cc.animation.StateMachine",
    "_anyState": {
      "__id__": 5,
    },
    "_entryState": {
      "__id__": 3,
    },
    "_exitState": {
      "__id__": 4,
    },
    "_states": [
      {
        "__id__": 3,
      },
      {
        "__id__": 4,
      },
      {
        "__id__": 5,
      },
      {
        "__id__": 6,
      },
      {
        "__id__": 7,
      },
      {
        "__id__": 8,
      },
    ],
    "_transitions": [
      {
        "__id__": 9,
      },
      {
        "__id__": 14,
      },
      {
        "__id__": 17,
      },
    ],
  },
  {
    "__editorExtras__": {
      "centerX": -125,
      "centerY": 0,
      "clone": null,
      "id": "16823108853190.0030910070942671286",
      "name": "",
    },
    "__type__": "cc.animation.State",
    "name": "Entry",
  },
  {
    "__editorExtras__": {
      "centerX": 125,
      "centerY": 0,
      "clone": null,
      "id": "16823108853190.9319504307124125",
      "name": "",
    },
    "__type__": "cc.animation.State",
    "name": "Exit",
  },
  {
    "__editorExtras__": {
      "centerX": 419,
      "centerY": 40,
      "clone": null,
      "id": "16823108853190.9680302262104088",
      "name": "",
    },
    "__type__": "cc.animation.State",
    "name": "Any",
  },
  {
    "__editorExtras__": {
      "centerX": 81.5,
      "centerY": -115,
      "clone": null,
      "id": "16823109123240.07731438174679583",
      "name": "valid_conditions",
    },
    "__type__": "cc.animation.EmptyState",
    "name": "valid_conditions",
  },
  {
    "__editorExtras__": {
      "centerX": 135.5,
      "centerY": -13,
      "clone": null,
      "id": "16823111478290.9709105624785797",
      "name": "invalid_condition_unexisting_variable",
    },
    "__type__": "cc.animation.EmptyState",
    "name": "invalid_condition_unexisting_variable",
  },
  {
    "__editorExtras__": {
      "centerX": 94.5,
      "centerY": 122,
      "clone": null,
      "id": "16823112500760.7230973552240467",
      "name": "invalid_condition_mismatched_type",
    },
    "__type__": "cc.animation.EmptyState",
    "name": "invalid_condition_mismatched_type",
  },
  {
    "__editorExtras__": {
      "clone": null,
      "id": "16823111478290.014899838991285996",
      "name": "",
    },
    "__type__": "cc.animation.Transition",
    "conditions": [
      {
        "__id__": 10,
      },
      {
        "__id__": 12,
      },
    ],
    "from": {
      "__id__": 3,
    },
    "to": {
      "__id__": 6,
    },
  },
  {
    "__type__": "cc.animation.BinaryCondition",
    "lhs": 0,
    "lhsBinding": {
      "__id__": 11,
    },
    "operator": 1,
    "rhs": 1,
  },
  {
    "__type__": "cc.animation.TCVariableBinding",
    "type": 0,
    "variableName": "v_f",
  },
  {
    "__type__": "cc.animation.BinaryCondition",
    "lhs": 0,
    "lhsBinding": {
      "__id__": 13,
    },
    "operator": 0,
    "rhs": 2,
  },
  {
    "__type__": "cc.animation.TCVariableBinding",
    "type": 3,
    "variableName": "v_i",
  },
  {
    "__editorExtras__": null,
    "__type__": "cc.animation.Transition",
    "conditions": [
      {
        "__id__": 15,
      },
    ],
    "from": {
      "__id__": 3,
    },
    "to": {
      "__id__": 7,
    },
  },
  {
    "__type__": "cc.animation.BinaryCondition",
    "lhs": 0,
    "lhsBinding": {
      "__id__": 16,
    },
    "operator": 3,
    "rhs": 3,
  },
  {
    "__type__": "cc.animation.TCVariableBinding",
    "type": 0,
    "variableName": "v_unexisting",
  },
  {
    "__editorExtras__": null,
    "__type__": "cc.animation.Transition",
    "conditions": [
      {
        "__id__": 18,
      },
    ],
    "from": {
      "__id__": 3,
    },
    "to": {
      "__id__": 8,
    },
  },
  {
    "__type__": "cc.animation.BinaryCondition",
    "lhs": 0,
    "lhsBinding": {
      "__id__": 19,
    },
    "operator": 2,
    "rhs": 4,
  },
  {
    "__type__": "cc.animation.TCVariableBinding",
    "type": 0,
    "variableName": "v_b",
  },
  {
    "__type__": "cc.animation.PlainVariable",
    "_type": 0,
    "_value": 0,
  },
  {
    "__type__": "cc.animation.PlainVariable",
    "_type": 3,
    "_value": 0,
  },
  {
    "__type__": "cc.animation.PlainVariable",
    "_type": 1,
    "_value": false,
  },
]
`;
